--------------------------------------------------------------------------------
Release 14.7 Trace  (lin64)
Copyright (c) 1995-2013 Xilinx, Inc.  All rights reserved.

/opt/Xilinx/14.7/ISE_DS/ISE/bin/lin64/unwrapped/trce -intstyle ise -v 3 -s 3 -n
3 -fastpaths -xml main.twx main.ncd -o main.twr main.pcf -ucf main.ucf

Design file:              main.ncd
Physical constraint file: main.pcf
Device,package,speed:     xc6slx9,tqg144,C,-3 (PRODUCTION 1.23 2013-10-13)
Report level:             verbose report

Environment Variable      Effect 
--------------------      ------ 
NONE                      No environment variables were set
--------------------------------------------------------------------------------

INFO:Timing:2698 - No timing constraints found, doing default enumeration.
INFO:Timing:3412 - To improve timing, see the Timing Closure User Guide (UG612).
INFO:Timing:2752 - To get complete path coverage, use the unconstrained paths 
   option. All paths that are not constrained will be reported in the 
   unconstrained paths section(s) of the report.
INFO:Timing:3339 - The clock-to-out numbers in this timing report are based on 
   a 50 Ohm transmission line loading model.  For the details of this model, 
   and for more information on accounting for different loading conditions, 
   please see the device datasheet.



Data Sheet report:
-----------------
All values displayed in nanoseconds (ns)

Setup/Hold to clock OSC_P123
------------+------------+------------+------------+------------+------------------+--------+
            |Max Setup to|  Process   |Max Hold to |  Process   |                  | Clock  |
Source      | clk (edge) |   Corner   | clk (edge) |   Corner   |Internal Clock(s) | Phase  |
------------+------------+------------+------------+------------+------------------+--------+
endXL       |    3.459(R)|      SLOW  |   -1.437(R)|      FAST  |OSC_P123_BUFGP    |   0.000|
endXR       |    1.264(R)|      SLOW  |   -0.370(R)|      SLOW  |OSC_P123_BUFGP    |   0.000|
endYD       |    1.990(R)|      SLOW  |   -1.006(R)|      FAST  |OSC_P123_BUFGP    |   0.000|
endYU       |    4.009(R)|      SLOW  |   -1.864(R)|      FAST  |OSC_P123_BUFGP    |   0.000|
------------+------------+------------+------------+------------+------------------+--------+

Clock LD<0> to Pad
------------+-----------------+------------+-----------------+------------+----------------------------+--------+
            |Max (slowest) clk|  Process   |Min (fastest) clk|  Process   |                            | Clock  |
Destination |  (edge) to PAD  |   Corner   |  (edge) to PAD  |   Corner   |Internal Clock(s)           | Phase  |
------------+-----------------+------------+-----------------+------------+----------------------------+--------+
L6_P74      |        16.259(F)|      SLOW  |         8.568(F)|      FAST  |XLXI_4/dy[31]_GND_5_o_OR_1_o|   0.000|
L7_P67      |        15.464(F)|      SLOW  |         7.858(F)|      FAST  |XLXI_4/dx[31]_GND_5_o_OR_2_o|   0.000|
xDir        |        15.597(F)|      SLOW  |         8.008(F)|      FAST  |XLXI_4/dx[31]_GND_5_o_OR_2_o|   0.000|
yDir        |        15.604(F)|      SLOW  |         8.339(F)|      FAST  |XLXI_4/dy[31]_GND_5_o_OR_1_o|   0.000|
------------+-----------------+------------+-----------------+------------+----------------------------+--------+

Clock LD<1> to Pad
------------+-----------------+------------+-----------------+------------+----------------------------+--------+
            |Max (slowest) clk|  Process   |Min (fastest) clk|  Process   |                            | Clock  |
Destination |  (edge) to PAD  |   Corner   |  (edge) to PAD  |   Corner   |Internal Clock(s)           | Phase  |
------------+-----------------+------------+-----------------+------------+----------------------------+--------+
L6_P74      |        16.152(F)|      SLOW  |         8.525(F)|      FAST  |XLXI_4/dy[31]_GND_5_o_OR_1_o|   0.000|
L7_P67      |        14.746(F)|      SLOW  |         7.469(F)|      FAST  |XLXI_4/dx[31]_GND_5_o_OR_2_o|   0.000|
xDir        |        14.879(F)|      SLOW  |         7.619(F)|      FAST  |XLXI_4/dx[31]_GND_5_o_OR_2_o|   0.000|
yDir        |        15.497(F)|      SLOW  |         8.296(F)|      FAST  |XLXI_4/dy[31]_GND_5_o_OR_1_o|   0.000|
------------+-----------------+------------+-----------------+------------+----------------------------+--------+

Clock LD<2> to Pad
------------+-----------------+------------+-----------------+------------+----------------------------+--------+
            |Max (slowest) clk|  Process   |Min (fastest) clk|  Process   |                            | Clock  |
Destination |  (edge) to PAD  |   Corner   |  (edge) to PAD  |   Corner   |Internal Clock(s)           | Phase  |
------------+-----------------+------------+-----------------+------------+----------------------------+--------+
L6_P74      |        15.882(F)|      SLOW  |         8.433(F)|      FAST  |XLXI_4/dy[31]_GND_5_o_OR_1_o|   0.000|
L7_P67      |        15.120(F)|      SLOW  |         8.054(F)|      FAST  |XLXI_4/dx[31]_GND_5_o_OR_2_o|   0.000|
xDir        |        15.253(F)|      SLOW  |         8.204(F)|      FAST  |XLXI_4/dx[31]_GND_5_o_OR_2_o|   0.000|
yDir        |        15.227(F)|      SLOW  |         8.204(F)|      FAST  |XLXI_4/dy[31]_GND_5_o_OR_1_o|   0.000|
------------+-----------------+------------+-----------------+------------+----------------------------+--------+

Clock LT<0> to Pad
------------+-----------------+------------+-----------------+------------+----------------------------+--------+
            |Max (slowest) clk|  Process   |Min (fastest) clk|  Process   |                            | Clock  |
Destination |  (edge) to PAD  |   Corner   |  (edge) to PAD  |   Corner   |Internal Clock(s)           | Phase  |
------------+-----------------+------------+-----------------+------------+----------------------------+--------+
L6_P74      |        15.739(F)|      SLOW  |         7.493(F)|      FAST  |XLXI_4/dy[31]_GND_5_o_OR_1_o|   0.000|
L7_P67      |        15.705(F)|      SLOW  |         8.112(F)|      FAST  |XLXI_4/dx[31]_GND_5_o_OR_2_o|   0.000|
xDir        |        15.838(F)|      SLOW  |         8.262(F)|      FAST  |XLXI_4/dx[31]_GND_5_o_OR_2_o|   0.000|
yDir        |        15.084(F)|      SLOW  |         7.264(F)|      FAST  |XLXI_4/dy[31]_GND_5_o_OR_1_o|   0.000|
------------+-----------------+------------+-----------------+------------+----------------------------+--------+

Clock LT<1> to Pad
------------+-----------------+------------+-----------------+------------+----------------------------+--------+
            |Max (slowest) clk|  Process   |Min (fastest) clk|  Process   |                            | Clock  |
Destination |  (edge) to PAD  |   Corner   |  (edge) to PAD  |   Corner   |Internal Clock(s)           | Phase  |
------------+-----------------+------------+-----------------+------------+----------------------------+--------+
L6_P74      |        14.798(F)|      SLOW  |         7.495(F)|      FAST  |XLXI_4/dy[31]_GND_5_o_OR_1_o|   0.000|
L7_P67      |        16.555(F)|      SLOW  |         8.201(F)|      FAST  |XLXI_4/dx[31]_GND_5_o_OR_2_o|   0.000|
xDir        |        16.688(F)|      SLOW  |         8.351(F)|      FAST  |XLXI_4/dx[31]_GND_5_o_OR_2_o|   0.000|
yDir        |        14.143(F)|      SLOW  |         7.266(F)|      FAST  |XLXI_4/dy[31]_GND_5_o_OR_1_o|   0.000|
------------+-----------------+------------+-----------------+------------+----------------------------+--------+

Clock LT<2> to Pad
------------+-----------------+------------+-----------------+------------+----------------------------+--------+
            |Max (slowest) clk|  Process   |Min (fastest) clk|  Process   |                            | Clock  |
Destination |  (edge) to PAD  |   Corner   |  (edge) to PAD  |   Corner   |Internal Clock(s)           | Phase  |
------------+-----------------+------------+-----------------+------------+----------------------------+--------+
L6_P74      |        14.552(F)|      SLOW  |         7.460(F)|      FAST  |XLXI_4/dy[31]_GND_5_o_OR_1_o|   0.000|
L7_P67      |        15.720(F)|      SLOW  |         7.997(F)|      FAST  |XLXI_4/dx[31]_GND_5_o_OR_2_o|   0.000|
xDir        |        15.853(F)|      SLOW  |         8.147(F)|      FAST  |XLXI_4/dx[31]_GND_5_o_OR_2_o|   0.000|
yDir        |        13.897(F)|      SLOW  |         7.231(F)|      FAST  |XLXI_4/dy[31]_GND_5_o_OR_1_o|   0.000|
------------+-----------------+------------+-----------------+------------+----------------------------+--------+

Clock OSC_P123 to Pad
------------+-----------------+------------+-----------------+------------+------------------+--------+
            |Max (slowest) clk|  Process   |Min (fastest) clk|  Process   |                  | Clock  |
Destination |  (edge) to PAD  |   Corner   |  (edge) to PAD  |   Corner   |Internal Clock(s) | Phase  |
------------+-----------------+------------+-----------------+------------+------------------+--------+
COMMON<0>   |         7.042(R)|      SLOW  |         3.627(R)|      FAST  |OSC_P123_BUFGP    |   0.000|
COMMON<1>   |         7.167(R)|      SLOW  |         3.692(R)|      FAST  |OSC_P123_BUFGP    |   0.000|
COMMON<2>   |         6.750(R)|      SLOW  |         3.408(R)|      FAST  |OSC_P123_BUFGP    |   0.000|
COMMON<3>   |         7.700(R)|      SLOW  |         3.986(R)|      FAST  |OSC_P123_BUFGP    |   0.000|
MN6_P85     |         8.084(R)|      SLOW  |         4.207(R)|      FAST  |OSC_P123_BUFGP    |   0.000|
MN7_P84     |         8.054(R)|      SLOW  |         4.212(R)|      FAST  |OSC_P123_BUFGP    |   0.000|
SEG<0>      |         7.999(R)|      SLOW  |         4.158(R)|      FAST  |OSC_P123_BUFGP    |   0.000|
SEG<1>      |         8.343(R)|      SLOW  |         4.369(R)|      FAST  |OSC_P123_BUFGP    |   0.000|
SEG<2>      |         7.897(R)|      SLOW  |         4.061(R)|      FAST  |OSC_P123_BUFGP    |   0.000|
SEG<3>      |         8.059(R)|      SLOW  |         4.159(R)|      FAST  |OSC_P123_BUFGP    |   0.000|
SEG<4>      |         8.062(R)|      SLOW  |         4.162(R)|      FAST  |OSC_P123_BUFGP    |   0.000|
SEG<5>      |         7.422(R)|      SLOW  |         3.823(R)|      FAST  |OSC_P123_BUFGP    |   0.000|
SEG<6>      |         7.416(R)|      SLOW  |         3.804(R)|      FAST  |OSC_P123_BUFGP    |   0.000|
endXMotor   |         7.799(R)|      SLOW  |         4.139(R)|      FAST  |OSC_P123_BUFGP    |   0.000|
endYMotor   |         8.356(R)|      SLOW  |         4.485(R)|      FAST  |OSC_P123_BUFGP    |   0.000|
------------+-----------------+------------+-----------------+------------+------------------+--------+

Clock RD<0> to Pad
------------+-----------------+------------+-----------------+------------+----------------------------+--------+
            |Max (slowest) clk|  Process   |Min (fastest) clk|  Process   |                            | Clock  |
Destination |  (edge) to PAD  |   Corner   |  (edge) to PAD  |   Corner   |Internal Clock(s)           | Phase  |
------------+-----------------+------------+-----------------+------------+----------------------------+--------+
L6_P74      |        15.733(F)|      SLOW  |         8.555(F)|      FAST  |XLXI_4/dy[31]_GND_5_o_OR_1_o|   0.000|
L7_P67      |        15.459(F)|      SLOW  |         8.041(F)|      FAST  |XLXI_4/dx[31]_GND_5_o_OR_2_o|   0.000|
xDir        |        15.592(F)|      SLOW  |         8.191(F)|      FAST  |XLXI_4/dx[31]_GND_5_o_OR_2_o|   0.000|
yDir        |        15.078(F)|      SLOW  |         8.326(F)|      FAST  |XLXI_4/dy[31]_GND_5_o_OR_1_o|   0.000|
------------+-----------------+------------+-----------------+------------+----------------------------+--------+

Clock RD<1> to Pad
------------+-----------------+------------+-----------------+------------+----------------------------+--------+
            |Max (slowest) clk|  Process   |Min (fastest) clk|  Process   |                            | Clock  |
Destination |  (edge) to PAD  |   Corner   |  (edge) to PAD  |   Corner   |Internal Clock(s)           | Phase  |
------------+-----------------+------------+-----------------+------------+----------------------------+--------+
L6_P74      |        15.934(F)|      SLOW  |         8.518(F)|      FAST  |XLXI_4/dy[31]_GND_5_o_OR_1_o|   0.000|
L7_P67      |        15.413(F)|      SLOW  |         8.041(F)|      FAST  |XLXI_4/dx[31]_GND_5_o_OR_2_o|   0.000|
xDir        |        15.546(F)|      SLOW  |         8.191(F)|      FAST  |XLXI_4/dx[31]_GND_5_o_OR_2_o|   0.000|
yDir        |        15.279(F)|      SLOW  |         8.289(F)|      FAST  |XLXI_4/dy[31]_GND_5_o_OR_1_o|   0.000|
------------+-----------------+------------+-----------------+------------+----------------------------+--------+

Clock RD<2> to Pad
------------+-----------------+------------+-----------------+------------+----------------------------+--------+
            |Max (slowest) clk|  Process   |Min (fastest) clk|  Process   |                            | Clock  |
Destination |  (edge) to PAD  |   Corner   |  (edge) to PAD  |   Corner   |Internal Clock(s)           | Phase  |
------------+-----------------+------------+-----------------+------------+----------------------------+--------+
L6_P74      |        15.860(F)|      SLOW  |         8.415(F)|      FAST  |XLXI_4/dy[31]_GND_5_o_OR_1_o|   0.000|
L7_P67      |        15.440(F)|      SLOW  |         8.216(F)|      FAST  |XLXI_4/dx[31]_GND_5_o_OR_2_o|   0.000|
xDir        |        15.573(F)|      SLOW  |         8.366(F)|      FAST  |XLXI_4/dx[31]_GND_5_o_OR_2_o|   0.000|
yDir        |        15.205(F)|      SLOW  |         8.186(F)|      FAST  |XLXI_4/dy[31]_GND_5_o_OR_1_o|   0.000|
------------+-----------------+------------+-----------------+------------+----------------------------+--------+

Clock RT<0> to Pad
------------+-----------------+------------+-----------------+------------+----------------------------+--------+
            |Max (slowest) clk|  Process   |Min (fastest) clk|  Process   |                            | Clock  |
Destination |  (edge) to PAD  |   Corner   |  (edge) to PAD  |   Corner   |Internal Clock(s)           | Phase  |
------------+-----------------+------------+-----------------+------------+----------------------------+--------+
L6_P74      |        16.088(F)|      SLOW  |         7.694(F)|      FAST  |XLXI_4/dy[31]_GND_5_o_OR_1_o|   0.000|
L7_P67      |        17.459(F)|      SLOW  |         8.450(F)|      FAST  |XLXI_4/dx[31]_GND_5_o_OR_2_o|   0.000|
xDir        |        17.592(F)|      SLOW  |         8.600(F)|      FAST  |XLXI_4/dx[31]_GND_5_o_OR_2_o|   0.000|
yDir        |        15.433(F)|      SLOW  |         7.465(F)|      FAST  |XLXI_4/dy[31]_GND_5_o_OR_1_o|   0.000|
------------+-----------------+------------+-----------------+------------+----------------------------+--------+

Clock RT<1> to Pad
------------+-----------------+------------+-----------------+------------+----------------------------+--------+
            |Max (slowest) clk|  Process   |Min (fastest) clk|  Process   |                            | Clock  |
Destination |  (edge) to PAD  |   Corner   |  (edge) to PAD  |   Corner   |Internal Clock(s)           | Phase  |
------------+-----------------+------------+-----------------+------------+----------------------------+--------+
L6_P74      |        14.725(F)|      SLOW  |         7.479(F)|      FAST  |XLXI_4/dy[31]_GND_5_o_OR_1_o|   0.000|
L7_P67      |        17.725(F)|      SLOW  |         8.651(F)|      FAST  |XLXI_4/dx[31]_GND_5_o_OR_2_o|   0.000|
xDir        |        17.858(F)|      SLOW  |         8.801(F)|      FAST  |XLXI_4/dx[31]_GND_5_o_OR_2_o|   0.000|
yDir        |        14.070(F)|      SLOW  |         7.250(F)|      FAST  |XLXI_4/dy[31]_GND_5_o_OR_1_o|   0.000|
------------+-----------------+------------+-----------------+------------+----------------------------+--------+

Clock RT<2> to Pad
------------+-----------------+------------+-----------------+------------+----------------------------+--------+
            |Max (slowest) clk|  Process   |Min (fastest) clk|  Process   |                            | Clock  |
Destination |  (edge) to PAD  |   Corner   |  (edge) to PAD  |   Corner   |Internal Clock(s)           | Phase  |
------------+-----------------+------------+-----------------+------------+----------------------------+--------+
L6_P74      |        14.746(F)|      SLOW  |         7.621(F)|      FAST  |XLXI_4/dy[31]_GND_5_o_OR_1_o|   0.000|
L7_P67      |        16.017(F)|      SLOW  |         8.493(F)|      FAST  |XLXI_4/dx[31]_GND_5_o_OR_2_o|   0.000|
xDir        |        16.150(F)|      SLOW  |         8.643(F)|      FAST  |XLXI_4/dx[31]_GND_5_o_OR_2_o|   0.000|
yDir        |        14.091(F)|      SLOW  |         7.392(F)|      FAST  |XLXI_4/dy[31]_GND_5_o_OR_1_o|   0.000|
------------+-----------------+------------+-----------------+------------+----------------------------+--------+

Clock to Setup on destination clock LD<0>
---------------+---------+---------+---------+---------+
               | Src:Rise| Src:Fall| Src:Rise| Src:Fall|
Source Clock   |Dest:Rise|Dest:Rise|Dest:Fall|Dest:Fall|
---------------+---------+---------+---------+---------+
LD<0>          |         |         |    0.707|    0.707|
LD<1>          |         |         |    0.389|    0.389|
LD<2>          |         |         |    0.380|    0.380|
LT<0>          |         |         |    0.747|    0.747|
LT<1>          |         |         |    1.324|    1.324|
LT<2>          |         |         |    0.980|    0.980|
RD<0>          |         |         |    0.534|    0.534|
RD<1>          |         |         |    0.740|    0.740|
RD<2>          |         |         |    0.782|    0.782|
RT<0>          |         |         |    1.796|    1.796|
RT<1>          |         |         |    2.062|    2.062|
RT<2>          |         |         |    1.129|    1.129|
---------------+---------+---------+---------+---------+

Clock to Setup on destination clock LD<1>
---------------+---------+---------+---------+---------+
               | Src:Rise| Src:Fall| Src:Rise| Src:Fall|
Source Clock   |Dest:Rise|Dest:Rise|Dest:Fall|Dest:Fall|
---------------+---------+---------+---------+---------+
LD<0>          |         |         |    1.260|    1.260|
LD<1>          |         |         |    0.653|    0.653|
LD<2>          |         |         |    0.933|    0.933|
LT<0>          |         |         |    1.300|    1.300|
LT<1>          |         |         |    1.877|    1.877|
LT<2>          |         |         |    1.533|    1.533|
RD<0>          |         |         |    1.087|    1.087|
RD<1>          |         |         |    1.293|    1.293|
RD<2>          |         |         |    1.335|    1.335|
RT<0>          |         |         |    2.349|    2.349|
RT<1>          |         |         |    2.615|    2.615|
RT<2>          |         |         |    1.682|    1.682|
---------------+---------+---------+---------+---------+

Clock to Setup on destination clock LD<2>
---------------+---------+---------+---------+---------+
               | Src:Rise| Src:Fall| Src:Rise| Src:Fall|
Source Clock   |Dest:Rise|Dest:Rise|Dest:Fall|Dest:Fall|
---------------+---------+---------+---------+---------+
LD<0>          |         |         |    0.598|    0.598|
LD<1>          |         |         |    0.524|    0.524|
LD<2>          |         |         |    0.329|    0.329|
LT<0>          |         |         |    0.427|    0.427|
LT<1>          |         |         |    1.004|    1.004|
LT<2>          |         |         |    0.660|    0.660|
RD<0>          |         |         |    0.214|    0.214|
RD<1>          |         |         |    0.420|    0.420|
RD<2>          |         |         |    0.462|    0.462|
RT<0>          |         |         |    1.476|    1.476|
RT<1>          |         |         |    1.742|    1.742|
RT<2>          |         |         |    0.809|    0.809|
---------------+---------+---------+---------+---------+

Clock to Setup on destination clock LT<0>
---------------+---------+---------+---------+---------+
               | Src:Rise| Src:Fall| Src:Rise| Src:Fall|
Source Clock   |Dest:Rise|Dest:Rise|Dest:Fall|Dest:Fall|
---------------+---------+---------+---------+---------+
LD<0>          |         |         |    2.039|    2.039|
LD<1>          |         |         |    1.932|    1.932|
LD<2>          |         |         |    1.662|    1.662|
LT<0>          |         |         |    1.666|    1.666|
LT<1>          |         |         |    1.043|    1.043|
LT<2>          |         |         |    0.869|    0.869|
RD<0>          |         |         |    1.513|    1.513|
RD<1>          |         |         |    1.714|    1.714|
RD<2>          |         |         |    1.640|    1.640|
RT<0>          |         |         |    2.015|    2.015|
RT<1>          |         |         |    1.630|    1.630|
RT<2>          |         |         |    0.905|    0.905|
---------------+---------+---------+---------+---------+

Clock to Setup on destination clock LT<1>
---------------+---------+---------+---------+---------+
               | Src:Rise| Src:Fall| Src:Rise| Src:Fall|
Source Clock   |Dest:Rise|Dest:Rise|Dest:Fall|Dest:Fall|
---------------+---------+---------+---------+---------+
LD<0>          |         |         |    2.055|    2.055|
LD<1>          |         |         |    1.948|    1.948|
LD<2>          |         |         |    1.678|    1.678|
LT<0>          |         |         |    1.682|    1.682|
LT<1>          |         |         |    1.059|    1.059|
LT<2>          |         |         |    0.885|    0.885|
RD<0>          |         |         |    1.529|    1.529|
RD<1>          |         |         |    1.730|    1.730|
RD<2>          |         |         |    1.656|    1.656|
RT<0>          |         |         |    2.031|    2.031|
RT<1>          |         |         |    1.491|    1.491|
RT<2>          |         |         |    0.921|    0.921|
---------------+---------+---------+---------+---------+

Clock to Setup on destination clock LT<2>
---------------+---------+---------+---------+---------+
               | Src:Rise| Src:Fall| Src:Rise| Src:Fall|
Source Clock   |Dest:Rise|Dest:Rise|Dest:Fall|Dest:Fall|
---------------+---------+---------+---------+---------+
LD<0>          |         |         |    2.063|    2.063|
LD<1>          |         |         |    1.956|    1.956|
LD<2>          |         |         |    1.686|    1.686|
LT<0>          |         |         |    1.690|    1.690|
LT<1>          |         |         |    1.067|    1.067|
LT<2>          |         |         |    0.893|    0.893|
RD<0>          |         |         |    1.537|    1.537|
RD<1>          |         |         |    1.738|    1.738|
RD<2>          |         |         |    1.664|    1.664|
RT<0>          |         |         |    2.039|    2.039|
RT<1>          |         |         |    1.738|    1.738|
RT<2>          |         |         |    0.929|    0.929|
---------------+---------+---------+---------+---------+

Clock to Setup on destination clock OSC_P123
---------------+---------+---------+---------+---------+
               | Src:Rise| Src:Fall| Src:Rise| Src:Fall|
Source Clock   |Dest:Rise|Dest:Rise|Dest:Fall|Dest:Fall|
---------------+---------+---------+---------+---------+
LD<0>          |    9.374|   12.771|         |         |
LD<1>          |    9.267|   12.771|         |         |
LD<2>          |    8.997|   12.771|         |         |
LT<0>          |    9.190|   12.771|         |         |
LT<1>          |   10.040|   12.771|         |         |
LT<2>          |    9.205|   12.771|         |         |
OSC_P123       |    6.655|         |         |         |
RD<0>          |    8.944|   12.771|         |         |
RD<1>          |    9.049|   12.771|         |         |
RD<2>          |    8.975|   12.771|         |         |
RT<0>          |   10.944|   12.771|         |         |
RT<1>          |   11.210|   12.771|         |         |
RT<2>          |    9.502|   12.771|         |         |
---------------+---------+---------+---------+---------+

Clock to Setup on destination clock RD<0>
---------------+---------+---------+---------+---------+
               | Src:Rise| Src:Fall| Src:Rise| Src:Fall|
Source Clock   |Dest:Rise|Dest:Rise|Dest:Fall|Dest:Fall|
---------------+---------+---------+---------+---------+
LD<0>          |         |         |    0.476|    0.476|
LD<1>          |         |         |    0.402|    0.402|
LD<2>          |         |         |    0.207|    0.207|
LT<0>          |         |         |    0.329|    0.329|
LT<1>          |         |         |    0.906|    0.906|
LT<2>          |         |         |    0.562|    0.562|
RD<0>          |         |         |    0.194|    0.194|
RD<1>          |         |         |    0.331|    0.331|
RD<2>          |         |         |    0.381|    0.381|
RT<0>          |         |         |    1.378|    1.378|
RT<1>          |         |         |    1.644|    1.644|
RT<2>          |         |         |    0.711|    0.711|
---------------+---------+---------+---------+---------+

Clock to Setup on destination clock RD<1>
---------------+---------+---------+---------+---------+
               | Src:Rise| Src:Fall| Src:Rise| Src:Fall|
Source Clock   |Dest:Rise|Dest:Rise|Dest:Fall|Dest:Fall|
---------------+---------+---------+---------+---------+
LD<0>          |         |         |    0.513|    0.513|
LD<1>          |         |         |    0.439|    0.439|
LD<2>          |         |         |    0.244|    0.244|
LT<0>          |         |         |    0.338|    0.338|
LT<1>          |         |         |    0.915|    0.915|
LT<2>          |         |         |    0.571|    0.571|
RD<0>          |         |         |    0.194|    0.194|
RD<1>          |         |         |    0.331|    0.331|
RD<2>          |         |         |    0.381|    0.381|
RT<0>          |         |         |    1.387|    1.387|
RT<1>          |         |         |    1.653|    1.653|
RT<2>          |         |         |    0.720|    0.720|
---------------+---------+---------+---------+---------+

Clock to Setup on destination clock RD<2>
---------------+---------+---------+---------+---------+
               | Src:Rise| Src:Fall| Src:Rise| Src:Fall|
Source Clock   |Dest:Rise|Dest:Rise|Dest:Fall|Dest:Fall|
---------------+---------+---------+---------+---------+
LD<0>          |         |         |    0.616|    0.616|
LD<1>          |         |         |    0.542|    0.542|
LD<2>          |         |         |    0.347|    0.347|
LT<0>          |         |         |    0.353|    0.353|
LT<1>          |         |         |    0.673|    0.673|
LT<2>          |         |         |    0.329|    0.329|
RD<0>          |         |         |    0.215|    0.215|
RD<1>          |         |         |    0.337|    0.337|
RD<2>          |         |         |    0.331|    0.331|
RT<0>          |         |         |    1.145|    1.145|
RT<1>          |         |         |    1.411|    1.411|
RT<2>          |         |         |    0.486|    0.486|
---------------+---------+---------+---------+---------+

Clock to Setup on destination clock RT<0>
---------------+---------+---------+---------+---------+
               | Src:Rise| Src:Fall| Src:Rise| Src:Fall|
Source Clock   |Dest:Rise|Dest:Rise|Dest:Fall|Dest:Fall|
---------------+---------+---------+---------+---------+
LD<0>          |         |         |    1.802|    1.802|
LD<1>          |         |         |    1.695|    1.695|
LD<2>          |         |         |    1.425|    1.425|
LT<0>          |         |         |    1.429|    1.429|
LT<1>          |         |         |    0.806|    0.806|
LT<2>          |         |         |    0.632|    0.632|
RD<0>          |         |         |    1.276|    1.276|
RD<1>          |         |         |    1.477|    1.477|
RD<2>          |         |         |    1.403|    1.403|
RT<0>          |         |         |    1.778|    1.778|
RT<1>          |         |         |    1.109|    1.109|
RT<2>          |         |         |    0.668|    0.668|
---------------+---------+---------+---------+---------+

Clock to Setup on destination clock RT<1>
---------------+---------+---------+---------+---------+
               | Src:Rise| Src:Fall| Src:Rise| Src:Fall|
Source Clock   |Dest:Rise|Dest:Rise|Dest:Fall|Dest:Fall|
---------------+---------+---------+---------+---------+
LD<0>          |         |         |    2.026|    2.026|
LD<1>          |         |         |    1.919|    1.919|
LD<2>          |         |         |    1.649|    1.649|
LT<0>          |         |         |    1.653|    1.653|
LT<1>          |         |         |    1.030|    1.030|
LT<2>          |         |         |    0.856|    0.856|
RD<0>          |         |         |    1.500|    1.500|
RD<1>          |         |         |    1.701|    1.701|
RD<2>          |         |         |    1.627|    1.627|
RT<0>          |         |         |    2.002|    2.002|
RT<1>          |         |         |    0.811|    0.811|
RT<2>          |         |         |    0.892|    0.892|
---------------+---------+---------+---------+---------+

Clock to Setup on destination clock RT<2>
---------------+---------+---------+---------+---------+
               | Src:Rise| Src:Fall| Src:Rise| Src:Fall|
Source Clock   |Dest:Rise|Dest:Rise|Dest:Fall|Dest:Fall|
---------------+---------+---------+---------+---------+
LD<0>          |         |         |    1.883|    1.883|
LD<1>          |         |         |    1.776|    1.776|
LD<2>          |         |         |    1.506|    1.506|
LT<0>          |         |         |    1.510|    1.510|
LT<1>          |         |         |    0.887|    0.887|
LT<2>          |         |         |    0.713|    0.713|
RD<0>          |         |         |    1.357|    1.357|
RD<1>          |         |         |    1.558|    1.558|
RD<2>          |         |         |    1.484|    1.484|
RT<0>          |         |         |    1.859|    1.859|
RT<1>          |         |         |    1.070|    1.070|
RT<2>          |         |         |    0.749|    0.749|
---------------+---------+---------+---------+---------+

Pad to Pad
---------------+---------------+---------+
Source Pad     |Destination Pad|  Delay  |
---------------+---------------+---------+
LD<0>          |GX<0>          |   14.266|
LD<0>          |GX<1>          |   14.112|
LD<0>          |GX<2>          |   14.459|
LD<0>          |GY<0>          |   14.404|
LD<0>          |GY<1>          |   14.396|
LD<0>          |GY<2>          |   14.186|
LD<1>          |GX<0>          |   13.548|
LD<1>          |GX<1>          |   13.394|
LD<1>          |GX<2>          |   13.741|
LD<1>          |GY<0>          |   14.297|
LD<1>          |GY<1>          |   14.289|
LD<1>          |GY<2>          |   14.079|
LD<2>          |GX<0>          |   13.922|
LD<2>          |GX<1>          |   13.768|
LD<2>          |GX<2>          |   14.115|
LD<2>          |GY<0>          |   14.027|
LD<2>          |GY<1>          |   14.019|
LD<2>          |GY<2>          |   13.809|
LT<0>          |GX<0>          |   14.507|
LT<0>          |GX<1>          |   14.353|
LT<0>          |GX<2>          |   14.700|
LT<0>          |GY<0>          |   13.884|
LT<0>          |GY<1>          |   13.876|
LT<0>          |GY<2>          |   13.666|
LT<1>          |GX<0>          |   15.357|
LT<1>          |GX<1>          |   15.203|
LT<1>          |GX<2>          |   15.550|
LT<1>          |GY<0>          |   12.943|
LT<1>          |GY<1>          |   12.935|
LT<1>          |GY<2>          |   12.725|
LT<2>          |GX<0>          |   14.522|
LT<2>          |GX<1>          |   14.368|
LT<2>          |GX<2>          |   14.715|
LT<2>          |GY<0>          |   12.697|
LT<2>          |GY<1>          |   12.689|
LT<2>          |GY<2>          |   12.479|
RD<0>          |GX<0>          |   14.261|
RD<0>          |GX<1>          |   14.107|
RD<0>          |GX<2>          |   14.454|
RD<0>          |GY<0>          |   13.878|
RD<0>          |GY<1>          |   13.870|
RD<0>          |GY<2>          |   13.660|
RD<1>          |GX<0>          |   14.215|
RD<1>          |GX<1>          |   14.061|
RD<1>          |GX<2>          |   14.408|
RD<1>          |GY<0>          |   14.079|
RD<1>          |GY<1>          |   14.071|
RD<1>          |GY<2>          |   13.861|
RD<2>          |GX<0>          |   14.242|
RD<2>          |GX<1>          |   14.088|
RD<2>          |GX<2>          |   14.435|
RD<2>          |GY<0>          |   14.005|
RD<2>          |GY<1>          |   13.997|
RD<2>          |GY<2>          |   13.787|
RT<0>          |GX<0>          |   16.261|
RT<0>          |GX<1>          |   16.107|
RT<0>          |GX<2>          |   16.454|
RT<0>          |GY<0>          |   14.233|
RT<0>          |GY<1>          |   14.225|
RT<0>          |GY<2>          |   14.015|
RT<1>          |GX<0>          |   16.527|
RT<1>          |GX<1>          |   16.373|
RT<1>          |GX<2>          |   16.720|
RT<1>          |GY<0>          |   12.870|
RT<1>          |GY<1>          |   12.862|
RT<1>          |GY<2>          |   12.652|
RT<2>          |GX<0>          |   14.819|
RT<2>          |GX<1>          |   14.665|
RT<2>          |GX<2>          |   15.012|
RT<2>          |GY<0>          |   12.891|
RT<2>          |GY<1>          |   12.883|
RT<2>          |GY<2>          |   12.673|
SW3_P59        |enSH           |    9.688|
endXL          |L3_P79         |    8.771|
endXR          |L4_P78         |    8.214|
endYD          |MN3_P92        |    7.727|
endYU          |MN4_P88        |    7.909|
---------------+---------------+---------+


Analysis completed Tue Nov  5 14:28:36 2024 
--------------------------------------------------------------------------------

Trace Settings:
-------------------------
Trace Settings 

Peak Memory Usage: 385 MB



