--------------------------------------------------------------------------------
Release 14.7 Trace  (lin64)
Copyright (c) 1995-2013 Xilinx, Inc.  All rights reserved.

/opt/Xilinx/14.7/ISE_DS/ISE/bin/lin64/unwrapped/trce -intstyle ise -v 3 -s 3 -n
3 -fastpaths -xml main_input_processor.twx main_input_processor.ncd -o
main_input_processor.twr main_input_processor.pcf -ucf main.ucf

Design file:              main_input_processor.ncd
Physical constraint file: main_input_processor.pcf
Device,package,speed:     xc6slx9,tqg144,C,-3 (PRODUCTION 1.23 2013-10-13)
Report level:             verbose report

Environment Variable      Effect 
--------------------      ------ 
NONE                      No environment variables were set
--------------------------------------------------------------------------------

INFO:Timing:2698 - No timing constraints found, doing default enumeration.
INFO:Timing:3412 - To improve timing, see the Timing Closure User Guide (UG612).
INFO:Timing:2752 - To get complete path coverage, use the unconstrained paths 
   option. All paths that are not constrained will be reported in the 
   unconstrained paths section(s) of the report.
INFO:Timing:3339 - The clock-to-out numbers in this timing report are based on 
   a 50 Ohm transmission line loading model.  For the details of this model, 
   and for more information on accounting for different loading conditions, 
   please see the device datasheet.



Data Sheet report:
-----------------
All values displayed in nanoseconds (ns)

Clock LD<0> to Pad
------------+-----------------+------------+-----------------+------------+------------------+--------+
            |Max (slowest) clk|  Process   |Min (fastest) clk|  Process   |                  | Clock  |
Destination |  (edge) to PAD  |   Corner   |  (edge) to PAD  |   Corner   |Internal Clock(s) | Phase  |
------------+-----------------+------------+-----------------+------------+------------------+--------+
xDir        |        13.697(F)|      SLOW  |         6.553(F)|      FAST  |isdx_OBUF         |   0.000|
yDir        |        12.983(F)|      SLOW  |         6.766(F)|      FAST  |isdy_OBUF         |   0.000|
------------+-----------------+------------+-----------------+------------+------------------+--------+

Clock LD<1> to Pad
------------+-----------------+------------+-----------------+------------+------------------+--------+
            |Max (slowest) clk|  Process   |Min (fastest) clk|  Process   |                  | Clock  |
Destination |  (edge) to PAD  |   Corner   |  (edge) to PAD  |   Corner   |Internal Clock(s) | Phase  |
------------+-----------------+------------+-----------------+------------+------------------+--------+
xDir        |        12.917(F)|      SLOW  |         6.528(F)|      FAST  |isdx_OBUF         |   0.000|
yDir        |        13.689(F)|      SLOW  |         6.758(F)|      FAST  |isdy_OBUF         |   0.000|
------------+-----------------+------------+-----------------+------------+------------------+--------+

Clock LD<2> to Pad
------------+-----------------+------------+-----------------+------------+------------------+--------+
            |Max (slowest) clk|  Process   |Min (fastest) clk|  Process   |                  | Clock  |
Destination |  (edge) to PAD  |   Corner   |  (edge) to PAD  |   Corner   |Internal Clock(s) | Phase  |
------------+-----------------+------------+-----------------+------------+------------------+--------+
xDir        |        13.046(F)|      SLOW  |         6.584(F)|      FAST  |isdx_OBUF         |   0.000|
yDir        |        12.196(F)|      SLOW  |         6.236(F)|      FAST  |isdy_OBUF         |   0.000|
------------+-----------------+------------+-----------------+------------+------------------+--------+

Clock LT<0> to Pad
------------+-----------------+------------+-----------------+------------+------------------+--------+
            |Max (slowest) clk|  Process   |Min (fastest) clk|  Process   |                  | Clock  |
Destination |  (edge) to PAD  |   Corner   |  (edge) to PAD  |   Corner   |Internal Clock(s) | Phase  |
------------+-----------------+------------+-----------------+------------+------------------+--------+
xDir        |        13.482(F)|      SLOW  |         6.541(F)|      FAST  |isdx_OBUF         |   0.000|
yDir        |        12.298(F)|      SLOW  |         5.983(F)|      FAST  |isdy_OBUF         |   0.000|
------------+-----------------+------------+-----------------+------------+------------------+--------+

Clock LT<1> to Pad
------------+-----------------+------------+-----------------+------------+------------------+--------+
            |Max (slowest) clk|  Process   |Min (fastest) clk|  Process   |                  | Clock  |
Destination |  (edge) to PAD  |   Corner   |  (edge) to PAD  |   Corner   |Internal Clock(s) | Phase  |
------------+-----------------+------------+-----------------+------------+------------------+--------+
xDir        |        13.148(F)|      SLOW  |         6.665(F)|      FAST  |isdx_OBUF         |   0.000|
yDir        |        12.430(F)|      SLOW  |         5.992(F)|      FAST  |isdy_OBUF         |   0.000|
------------+-----------------+------------+-----------------+------------+------------------+--------+

Clock LT<2> to Pad
------------+-----------------+------------+-----------------+------------+------------------+--------+
            |Max (slowest) clk|  Process   |Min (fastest) clk|  Process   |                  | Clock  |
Destination |  (edge) to PAD  |   Corner   |  (edge) to PAD  |   Corner   |Internal Clock(s) | Phase  |
------------+-----------------+------------+-----------------+------------+------------------+--------+
xDir        |        12.554(F)|      SLOW  |         6.398(F)|      FAST  |isdx_OBUF         |   0.000|
yDir        |        12.180(F)|      SLOW  |         5.860(F)|      FAST  |isdy_OBUF         |   0.000|
------------+-----------------+------------+-----------------+------------+------------------+--------+

Clock OSC_P123 to Pad
------------+-----------------+------------+-----------------+------------+------------------+--------+
            |Max (slowest) clk|  Process   |Min (fastest) clk|  Process   |                  | Clock  |
Destination |  (edge) to PAD  |   Corner   |  (edge) to PAD  |   Corner   |Internal Clock(s) | Phase  |
------------+-----------------+------------+-----------------+------------+------------------+--------+
COMMON<0>   |         7.370(R)|      SLOW  |         3.816(R)|      FAST  |OSC_P123_BUFGP    |   0.000|
COMMON<1>   |         7.365(R)|      SLOW  |         3.819(R)|      FAST  |OSC_P123_BUFGP    |   0.000|
COMMON<2>   |         7.107(R)|      SLOW  |         3.627(R)|      FAST  |OSC_P123_BUFGP    |   0.000|
COMMON<3>   |         7.228(R)|      SLOW  |         3.728(R)|      FAST  |OSC_P123_BUFGP    |   0.000|
SEG<0>      |         7.998(R)|      SLOW  |         4.157(R)|      FAST  |OSC_P123_BUFGP    |   0.000|
SEG<1>      |         8.325(R)|      SLOW  |         4.356(R)|      FAST  |OSC_P123_BUFGP    |   0.000|
SEG<2>      |         8.250(R)|      SLOW  |         4.295(R)|      FAST  |OSC_P123_BUFGP    |   0.000|
SEG<3>      |         8.234(R)|      SLOW  |         4.278(R)|      FAST  |OSC_P123_BUFGP    |   0.000|
SEG<4>      |         8.066(R)|      SLOW  |         4.192(R)|      FAST  |OSC_P123_BUFGP    |   0.000|
SEG<5>      |         7.418(R)|      SLOW  |         3.793(R)|      FAST  |OSC_P123_BUFGP    |   0.000|
SEG<6>      |         7.183(R)|      SLOW  |         3.639(R)|      FAST  |OSC_P123_BUFGP    |   0.000|
------------+-----------------+------------+-----------------+------------+------------------+--------+

Clock RD<0> to Pad
------------+-----------------+------------+-----------------+------------+------------------+--------+
            |Max (slowest) clk|  Process   |Min (fastest) clk|  Process   |                  | Clock  |
Destination |  (edge) to PAD  |   Corner   |  (edge) to PAD  |   Corner   |Internal Clock(s) | Phase  |
------------+-----------------+------------+-----------------+------------+------------------+--------+
xDir        |        13.764(F)|      SLOW  |         6.918(F)|      FAST  |isdx_OBUF         |   0.000|
yDir        |        13.567(F)|      SLOW  |         6.943(F)|      FAST  |isdy_OBUF         |   0.000|
------------+-----------------+------------+-----------------+------------+------------------+--------+

Clock RD<1> to Pad
------------+-----------------+------------+-----------------+------------+------------------+--------+
            |Max (slowest) clk|  Process   |Min (fastest) clk|  Process   |                  | Clock  |
Destination |  (edge) to PAD  |   Corner   |  (edge) to PAD  |   Corner   |Internal Clock(s) | Phase  |
------------+-----------------+------------+-----------------+------------+------------------+--------+
xDir        |        13.912(F)|      SLOW  |         7.313(F)|      FAST  |isdx_OBUF         |   0.000|
yDir        |        13.504(F)|      SLOW  |         7.076(F)|      FAST  |isdy_OBUF         |   0.000|
------------+-----------------+------------+-----------------+------------+------------------+--------+

Clock RD<2> to Pad
------------+-----------------+------------+-----------------+------------+------------------+--------+
            |Max (slowest) clk|  Process   |Min (fastest) clk|  Process   |                  | Clock  |
Destination |  (edge) to PAD  |   Corner   |  (edge) to PAD  |   Corner   |Internal Clock(s) | Phase  |
------------+-----------------+------------+-----------------+------------+------------------+--------+
xDir        |        13.313(F)|      SLOW  |         6.924(F)|      FAST  |isdx_OBUF         |   0.000|
yDir        |        12.609(F)|      SLOW  |         6.411(F)|      FAST  |isdy_OBUF         |   0.000|
------------+-----------------+------------+-----------------+------------+------------------+--------+

Clock RT<0> to Pad
------------+-----------------+------------+-----------------+------------+------------------+--------+
            |Max (slowest) clk|  Process   |Min (fastest) clk|  Process   |                  | Clock  |
Destination |  (edge) to PAD  |   Corner   |  (edge) to PAD  |   Corner   |Internal Clock(s) | Phase  |
------------+-----------------+------------+-----------------+------------+------------------+--------+
xDir        |        15.985(F)|      SLOW  |         7.051(F)|      FAST  |isdx_OBUF         |   0.000|
yDir        |        12.328(F)|      SLOW  |         6.030(F)|      FAST  |isdy_OBUF         |   0.000|
------------+-----------------+------------+-----------------+------------+------------------+--------+

Clock RT<1> to Pad
------------+-----------------+------------+-----------------+------------+------------------+--------+
            |Max (slowest) clk|  Process   |Min (fastest) clk|  Process   |                  | Clock  |
Destination |  (edge) to PAD  |   Corner   |  (edge) to PAD  |   Corner   |Internal Clock(s) | Phase  |
------------+-----------------+------------+-----------------+------------+------------------+--------+
xDir        |        16.007(F)|      SLOW  |         7.165(F)|      FAST  |isdx_OBUF         |   0.000|
yDir        |        11.910(F)|      SLOW  |         5.782(F)|      FAST  |isdy_OBUF         |   0.000|
------------+-----------------+------------+-----------------+------------+------------------+--------+

Clock RT<2> to Pad
------------+-----------------+------------+-----------------+------------+------------------+--------+
            |Max (slowest) clk|  Process   |Min (fastest) clk|  Process   |                  | Clock  |
Destination |  (edge) to PAD  |   Corner   |  (edge) to PAD  |   Corner   |Internal Clock(s) | Phase  |
------------+-----------------+------------+-----------------+------------+------------------+--------+
xDir        |        13.394(F)|      SLOW  |         7.038(F)|      FAST  |isdx_OBUF         |   0.000|
yDir        |        11.894(F)|      SLOW  |         5.852(F)|      FAST  |isdy_OBUF         |   0.000|
------------+-----------------+------------+-----------------+------------+------------------+--------+

Clock to Setup on destination clock LD<0>
---------------+---------+---------+---------+---------+
               | Src:Rise| Src:Fall| Src:Rise| Src:Fall|
Source Clock   |Dest:Rise|Dest:Rise|Dest:Fall|Dest:Fall|
---------------+---------+---------+---------+---------+
LD<0>          |         |         |   -0.083|   -0.083|
LD<1>          |         |         |    0.230|    0.230|
LD<2>          |         |         |   -0.135|   -0.135|
LT<0>          |         |         |    0.192|    0.192|
LT<1>          |         |         |   -0.167|   -0.167|
LT<2>          |         |         |   -0.488|   -0.488|
RD<0>          |         |         |    0.733|    0.733|
RD<1>          |         |         |    0.881|    0.881|
RD<2>          |         |         |   -0.354|   -0.354|
RT<0>          |         |         |    2.954|    2.954|
RT<1>          |         |         |    2.976|    2.976|
RT<2>          |         |         |   -0.319|   -0.319|
---------------+---------+---------+---------+---------+

Clock to Setup on destination clock LD<1>
---------------+---------+---------+---------+---------+
               | Src:Rise| Src:Fall| Src:Rise| Src:Fall|
Source Clock   |Dest:Rise|Dest:Rise|Dest:Fall|Dest:Fall|
---------------+---------+---------+---------+---------+
LD<0>          |         |         |   -0.075|   -0.075|
LD<1>          |         |         |    0.238|    0.238|
LD<2>          |         |         |   -0.110|   -0.110|
LT<0>          |         |         |    0.217|    0.217|
LT<1>          |         |         |   -0.142|   -0.142|
LT<2>          |         |         |   -0.463|   -0.463|
RD<0>          |         |         |    0.737|    0.737|
RD<1>          |         |         |    0.834|    0.834|
RD<2>          |         |         |   -0.329|   -0.329|
RT<0>          |         |         |    2.907|    2.907|
RT<1>          |         |         |    2.929|    2.929|
RT<2>          |         |         |   -0.294|   -0.294|
---------------+---------+---------+---------+---------+

Clock to Setup on destination clock LD<2>
---------------+---------+---------+---------+---------+
               | Src:Rise| Src:Fall| Src:Rise| Src:Fall|
Source Clock   |Dest:Rise|Dest:Rise|Dest:Fall|Dest:Fall|
---------------+---------+---------+---------+---------+
LD<0>          |         |         |    0.447|    0.447|
LD<1>          |         |         |    0.928|    0.928|
LD<2>          |         |         |   -0.112|   -0.112|
LT<0>          |         |         |    0.283|    0.283|
LT<1>          |         |         |    0.208|    0.208|
LT<2>          |         |         |    0.041|    0.041|
RD<0>          |         |         |    0.917|    0.917|
RD<1>          |         |         |    1.195|    1.195|
RD<2>          |         |         |    0.073|    0.073|
RT<0>          |         |         |    2.896|    2.896|
RT<1>          |         |         |    2.918|    2.918|
RT<2>          |         |         |   -0.117|   -0.117|
---------------+---------+---------+---------+---------+

Clock to Setup on destination clock LT<0>
---------------+---------+---------+---------+---------+
               | Src:Rise| Src:Fall| Src:Rise| Src:Fall|
Source Clock   |Dest:Rise|Dest:Rise|Dest:Fall|Dest:Fall|
---------------+---------+---------+---------+---------+
LD<0>          |         |         |    0.869|    0.869|
LD<1>          |         |         |    1.399|    1.399|
LD<2>          |         |         |    0.141|    0.141|
LT<0>          |         |         |    0.619|    0.619|
LT<1>          |         |         |    0.461|    0.461|
LT<2>          |         |         |    0.402|    0.402|
RD<0>          |         |         |    1.388|    1.388|
RD<1>          |         |         |    1.666|    1.666|
RD<2>          |         |         |    0.326|    0.326|
RT<0>          |         |         |    3.038|    3.038|
RT<1>          |         |         |    3.060|    3.060|
RT<2>          |         |         |    0.136|    0.136|
---------------+---------+---------+---------+---------+

Clock to Setup on destination clock LT<1>
---------------+---------+---------+---------+---------+
               | Src:Rise| Src:Fall| Src:Rise| Src:Fall|
Source Clock   |Dest:Rise|Dest:Rise|Dest:Fall|Dest:Fall|
---------------+---------+---------+---------+---------+
LD<0>          |         |         |    0.826|    0.826|
LD<1>          |         |         |    1.356|    1.356|
LD<2>          |         |         |    0.132|    0.132|
LT<0>          |         |         |    0.576|    0.576|
LT<1>          |         |         |    0.452|    0.452|
LT<2>          |         |         |    0.359|    0.359|
RD<0>          |         |         |    1.345|    1.345|
RD<1>          |         |         |    1.623|    1.623|
RD<2>          |         |         |    0.317|    0.317|
RT<0>          |         |         |    2.787|    2.787|
RT<1>          |         |         |    2.809|    2.809|
RT<2>          |         |         |    0.127|    0.127|
---------------+---------+---------+---------+---------+

Clock to Setup on destination clock LT<2>
---------------+---------+---------+---------+---------+
               | Src:Rise| Src:Fall| Src:Rise| Src:Fall|
Source Clock   |Dest:Rise|Dest:Rise|Dest:Fall|Dest:Fall|
---------------+---------+---------+---------+---------+
LD<0>          |         |         |    1.000|    1.000|
LD<1>          |         |         |    1.530|    1.530|
LD<2>          |         |         |    0.264|    0.264|
LT<0>          |         |         |    0.750|    0.750|
LT<1>          |         |         |    0.584|    0.584|
LT<2>          |         |         |    0.533|    0.533|
RD<0>          |         |         |    1.519|    1.519|
RD<1>          |         |         |    1.797|    1.797|
RD<2>          |         |         |    0.449|    0.449|
RT<0>          |         |         |    3.165|    3.165|
RT<1>          |         |         |    3.187|    3.187|
RT<2>          |         |         |    0.259|    0.259|
---------------+---------+---------+---------+---------+

Clock to Setup on destination clock OSC_P123
---------------+---------+---------+---------+---------+
               | Src:Rise| Src:Fall| Src:Rise| Src:Fall|
Source Clock   |Dest:Rise|Dest:Rise|Dest:Fall|Dest:Fall|
---------------+---------+---------+---------+---------+
LD<0>          |    3.144|    3.144|         |         |
LD<1>          |    3.136|    3.136|         |         |
LD<2>          |    4.072|    4.072|         |         |
LT<0>          |    2.931|    2.931|         |         |
LT<1>          |    4.373|    4.373|         |         |
LT<2>          |    3.473|    3.473|         |         |
OSC_P123       |    6.113|         |         |         |
RD<0>          |    3.165|    3.165|         |         |
RD<1>          |    3.351|    3.351|         |         |
RD<2>          |    4.440|    4.440|         |         |
RT<0>          |    4.578|    4.578|         |         |
RT<1>          |    4.656|    4.656|         |         |
RT<2>          |    4.334|    4.334|         |         |
---------------+---------+---------+---------+---------+

Clock to Setup on destination clock RD<0>
---------------+---------+---------+---------+---------+
               | Src:Rise| Src:Fall| Src:Rise| Src:Fall|
Source Clock   |Dest:Rise|Dest:Rise|Dest:Fall|Dest:Fall|
---------------+---------+---------+---------+---------+
LD<0>          |         |         |   -0.260|   -0.260|
LD<1>          |         |         |    0.053|    0.053|
LD<2>          |         |         |   -0.500|   -0.500|
LT<0>          |         |         |   -0.173|   -0.173|
LT<1>          |         |         |   -0.499|   -0.499|
LT<2>          |         |         |   -0.666|   -0.666|
RD<0>          |         |         |    0.347|    0.347|
RD<1>          |         |         |    0.414|    0.414|
RD<2>          |         |         |   -0.634|   -0.634|
RT<0>          |         |         |    2.269|    2.269|
RT<1>          |         |         |    2.291|    2.291|
RT<2>          |         |         |   -0.684|   -0.684|
---------------+---------+---------+---------+---------+

Clock to Setup on destination clock RD<1>
---------------+---------+---------+---------+---------+
               | Src:Rise| Src:Fall| Src:Rise| Src:Fall|
Source Clock   |Dest:Rise|Dest:Rise|Dest:Fall|Dest:Fall|
---------------+---------+---------+---------+---------+
LD<0>          |         |         |   -0.393|   -0.393|
LD<1>          |         |         |   -0.080|   -0.080|
LD<2>          |         |         |   -0.895|   -0.895|
LT<0>          |         |         |   -0.557|   -0.557|
LT<1>          |         |         |   -0.632|   -0.632|
LT<2>          |         |         |   -0.799|   -0.799|
RD<0>          |         |         |   -0.048|   -0.048|
RD<1>          |         |         |    0.123|    0.123|
RD<2>          |         |         |   -0.767|   -0.767|
RT<0>          |         |         |    1.775|    1.775|
RT<1>          |         |         |    1.797|    1.797|
RT<2>          |         |         |   -0.957|   -0.957|
---------------+---------+---------+---------+---------+

Clock to Setup on destination clock RD<2>
---------------+---------+---------+---------+---------+
               | Src:Rise| Src:Fall| Src:Rise| Src:Fall|
Source Clock   |Dest:Rise|Dest:Rise|Dest:Fall|Dest:Fall|
---------------+---------+---------+---------+---------+
LD<0>          |         |         |    0.272|    0.272|
LD<1>          |         |         |    0.701|    0.701|
LD<2>          |         |         |   -0.287|   -0.287|
LT<0>          |         |         |    0.108|    0.108|
LT<1>          |         |         |    0.033|    0.033|
LT<2>          |         |         |   -0.134|   -0.134|
RD<0>          |         |         |    0.690|    0.690|
RD<1>          |         |         |    0.968|    0.968|
RD<2>          |         |         |   -0.102|   -0.102|
RT<0>          |         |         |    2.340|    2.340|
RT<1>          |         |         |    2.362|    2.362|
RT<2>          |         |         |   -0.292|   -0.292|
---------------+---------+---------+---------+---------+

Clock to Setup on destination clock RT<0>
---------------+---------+---------+---------+---------+
               | Src:Rise| Src:Fall| Src:Rise| Src:Fall|
Source Clock   |Dest:Rise|Dest:Rise|Dest:Fall|Dest:Fall|
---------------+---------+---------+---------+---------+
LD<0>          |         |         |    0.653|    0.653|
LD<1>          |         |         |    1.182|    1.182|
LD<2>          |         |         |    0.094|    0.094|
LT<0>          |         |         |    0.489|    0.489|
LT<1>          |         |         |    0.414|    0.414|
LT<2>          |         |         |    0.247|    0.247|
RD<0>          |         |         |    1.171|    1.171|
RD<1>          |         |         |    1.449|    1.449|
RD<2>          |         |         |    0.279|    0.279|
RT<0>          |         |         |    2.152|    2.152|
RT<1>          |         |         |    2.174|    2.174|
RT<2>          |         |         |    0.089|    0.089|
---------------+---------+---------+---------+---------+

Clock to Setup on destination clock RT<1>
---------------+---------+---------+---------+---------+
               | Src:Rise| Src:Fall| Src:Rise| Src:Fall|
Source Clock   |Dest:Rise|Dest:Rise|Dest:Fall|Dest:Fall|
---------------+---------+---------+---------+---------+
LD<0>          |         |         |    1.065|    1.065|
LD<1>          |         |         |    1.595|    1.595|
LD<2>          |         |         |    0.342|    0.342|
LT<0>          |         |         |    0.815|    0.815|
LT<1>          |         |         |    0.662|    0.662|
LT<2>          |         |         |    0.598|    0.598|
RD<0>          |         |         |    1.584|    1.584|
RD<1>          |         |         |    1.862|    1.862|
RD<2>          |         |         |    0.527|    0.527|
RT<0>          |         |         |    1.992|    1.992|
RT<1>          |         |         |    2.014|    2.014|
RT<2>          |         |         |    0.337|    0.337|
---------------+---------+---------+---------+---------+

Clock to Setup on destination clock RT<2>
---------------+---------+---------+---------+---------+
               | Src:Rise| Src:Fall| Src:Rise| Src:Fall|
Source Clock   |Dest:Rise|Dest:Rise|Dest:Fall|Dest:Fall|
---------------+---------+---------+---------+---------+
LD<0>          |         |         |    0.998|    0.998|
LD<1>          |         |         |    1.528|    1.528|
LD<2>          |         |         |    0.272|    0.272|
LT<0>          |         |         |    0.748|    0.748|
LT<1>          |         |         |    0.592|    0.592|
LT<2>          |         |         |    0.531|    0.531|
RD<0>          |         |         |    1.517|    1.517|
RD<1>          |         |         |    1.795|    1.795|
RD<2>          |         |         |    0.457|    0.457|
RT<0>          |         |         |    2.077|    2.077|
RT<1>          |         |         |    2.099|    2.099|
RT<2>          |         |         |    0.267|    0.267|
---------------+---------+---------+---------+---------+

Pad to Pad
---------------+---------------+---------+
Source Pad     |Destination Pad|  Delay  |
---------------+---------------+---------+
LD<0>          |GX<0>          |   13.970|
LD<0>          |GX<1>          |   14.153|
LD<0>          |GX<2>          |   13.930|
LD<0>          |GY<0>          |   13.875|
LD<0>          |GY<1>          |   13.793|
LD<0>          |GY<2>          |   13.582|
LD<0>          |isdx           |   13.322|
LD<0>          |isdy           |   13.544|
LD<1>          |GX<0>          |   13.190|
LD<1>          |GX<1>          |   13.373|
LD<1>          |GX<2>          |   13.150|
LD<1>          |GY<0>          |   14.581|
LD<1>          |GY<1>          |   14.499|
LD<1>          |GY<2>          |   14.288|
LD<1>          |isdx           |   12.542|
LD<1>          |isdy           |   14.250|
LD<2>          |GX<0>          |   13.319|
LD<2>          |GX<1>          |   13.502|
LD<2>          |GX<2>          |   13.279|
LD<2>          |GY<0>          |   13.088|
LD<2>          |GY<1>          |   13.006|
LD<2>          |GY<2>          |   12.795|
LD<2>          |isdx           |   12.671|
LD<2>          |isdy           |   12.757|
LT<0>          |GX<0>          |   13.755|
LT<0>          |GX<1>          |   13.938|
LT<0>          |GX<2>          |   13.715|
LT<0>          |GY<0>          |   13.190|
LT<0>          |GY<1>          |   13.108|
LT<0>          |GY<2>          |   12.897|
LT<0>          |isdx           |   13.107|
LT<0>          |isdy           |   12.859|
LT<1>          |GX<0>          |   13.421|
LT<1>          |GX<1>          |   13.604|
LT<1>          |GX<2>          |   13.381|
LT<1>          |GY<0>          |   13.322|
LT<1>          |GY<1>          |   13.240|
LT<1>          |GY<2>          |   13.029|
LT<1>          |isdx           |   12.773|
LT<1>          |isdy           |   12.991|
LT<2>          |GX<0>          |   12.827|
LT<2>          |GX<1>          |   13.010|
LT<2>          |GX<2>          |   12.787|
LT<2>          |GY<0>          |   13.072|
LT<2>          |GY<1>          |   12.990|
LT<2>          |GY<2>          |   12.779|
LT<2>          |isdx           |   12.179|
LT<2>          |isdy           |   12.741|
RD<0>          |GX<0>          |   14.037|
RD<0>          |GX<1>          |   14.220|
RD<0>          |GX<2>          |   13.997|
RD<0>          |GY<0>          |   14.459|
RD<0>          |GY<1>          |   14.377|
RD<0>          |GY<2>          |   14.166|
RD<0>          |isdx           |   13.389|
RD<0>          |isdy           |   14.128|
RD<1>          |GX<0>          |   14.185|
RD<1>          |GX<1>          |   14.368|
RD<1>          |GX<2>          |   14.145|
RD<1>          |GY<0>          |   14.396|
RD<1>          |GY<1>          |   14.314|
RD<1>          |GY<2>          |   14.103|
RD<1>          |isdx           |   13.537|
RD<1>          |isdy           |   14.065|
RD<2>          |GX<0>          |   13.586|
RD<2>          |GX<1>          |   13.769|
RD<2>          |GX<2>          |   13.546|
RD<2>          |GY<0>          |   13.501|
RD<2>          |GY<1>          |   13.419|
RD<2>          |GY<2>          |   13.208|
RD<2>          |isdx           |   12.938|
RD<2>          |isdy           |   13.170|
RT<0>          |GX<0>          |   16.258|
RT<0>          |GX<1>          |   16.441|
RT<0>          |GX<2>          |   16.218|
RT<0>          |GY<0>          |   13.220|
RT<0>          |GY<1>          |   13.138|
RT<0>          |GY<2>          |   12.927|
RT<0>          |isdx           |   15.610|
RT<0>          |isdy           |   12.889|
RT<1>          |GX<0>          |   16.280|
RT<1>          |GX<1>          |   16.463|
RT<1>          |GX<2>          |   16.240|
RT<1>          |GY<0>          |   12.802|
RT<1>          |GY<1>          |   12.720|
RT<1>          |GY<2>          |   12.509|
RT<1>          |isdx           |   15.632|
RT<1>          |isdy           |   12.471|
RT<2>          |GX<0>          |   13.667|
RT<2>          |GX<1>          |   13.850|
RT<2>          |GX<2>          |   13.627|
RT<2>          |GY<0>          |   12.786|
RT<2>          |GY<1>          |   12.704|
RT<2>          |GY<2>          |   12.493|
RT<2>          |isdx           |   13.019|
RT<2>          |isdy           |   12.455|
---------------+---------------+---------+


Analysis completed Tue Nov  5 17:35:29 2024 
--------------------------------------------------------------------------------

Trace Settings:
-------------------------
Trace Settings 

Peak Memory Usage: 384 MB



